[INFO] Scanning for projects...
[INFO] 
[INFO] ------------------------< com.bank:banking-api >------------------------
[INFO] Building banking-api 0.0.1-SNAPSHOT
[INFO]   from pom.xml
[INFO] --------------------------------[ jar ]---------------------------------
[INFO] 
[INFO] >>> spring-boot:3.3.4:run (default-cli) > test-compile @ banking-api >>>
[INFO] 
[INFO] --- resources:3.3.1:resources (default-resources) @ banking-api ---
[INFO] Copying 2 resources from src\main\resources to target\classes
[INFO] Copying 0 resource from src\main\resources to target\classes
[INFO] 
[INFO] --- compiler:3.13.0:compile (default-compile) @ banking-api ---
[INFO] Nothing to compile - all classes are up to date.
[INFO] 
[INFO] --- resources:3.3.1:testResources (default-testResources) @ banking-api ---
[INFO] skip non existing resourceDirectory S:\banking-api\banking-api\src\test\resources
[INFO] 
[INFO] --- compiler:3.13.0:testCompile (default-testCompile) @ banking-api ---
[INFO] Nothing to compile - all classes are up to date.
[INFO] 
[INFO] <<< spring-boot:3.3.4:run (default-cli) < test-compile @ banking-api <<<
[INFO] 
[INFO] 
[INFO] --- spring-boot:3.3.4:run (default-cli) @ banking-api ---
[INFO] Attaching agents: []

  .   ____          _            __ _ _
 /\\ / ___'_ __ _ _(_)_ __  __ _ \ \ \ \
( ( )\___ | '_ | '_| | '_ \/ _` | \ \ \ \
 \\/  ___)| |_)| | | | | || (_| |  ) ) ) )
  '  |____| .__|_| |_|_| |_\__, | / / / /
 =========|_|==============|___/=/_/_/_/

 :: Spring Boot ::                (v3.3.4)

2026-08-05T12:23:44.231+05:30  INFO 20760 --- [banking-api] [           main] c.b.banking_api.BankingApiApplication    : Starting BankingApiApplication using Java 17.0.19 with PID 20760 (S:\banking-api\banking-api\target\classes started by shaik in S:\banking-api\banking-api)
2026-08-05T12:23:44.235+05:30 DEBUG 20760 --- [banking-api] [           main] c.b.banking_api.BankingApiApplication    : Running with Spring Boot v3.3.4, Spring v6.1.13
2026-08-05T12:23:44.237+05:30  INFO 20760 --- [banking-api] [           main] c.b.banking_api.BankingApiApplication    : No active profile set, falling back to 1 default profile: "default"
2026-08-05T12:23:45.212+05:30  INFO 20760 --- [banking-api] [           main] .s.d.r.c.RepositoryConfigurationDelegate : Bootstrapping Spring Data JPA repositories in DEFAULT mode.
2026-08-05T12:23:45.291+05:30  INFO 20760 --- [banking-api] [           main] .s.d.r.c.RepositoryConfigurationDelegate : Finished Spring Data repository scanning in 69 ms. Found 3 JPA repository interfaces.
2026-08-05T12:23:46.060+05:30  INFO 20760 --- [banking-api] [           main] o.s.b.w.embedded.tomcat.TomcatWebServer  : Tomcat initialized with port 8081 (http)
2026-08-05T12:23:46.079+05:30  INFO 20760 --- [banking-api] [           main] o.apache.catalina.core.StandardService   : Starting service [Tomcat]
2026-08-05T12:23:46.080+05:30  INFO 20760 --- [banking-api] [           main] o.apache.catalina.core.StandardEngine    : Starting Servlet engine: [Apache Tomcat/10.1.30]
2026-08-05T12:23:46.180+05:30  INFO 20760 --- [banking-api] [           main] o.a.c.c.C.[Tomcat].[localhost].[/]       : Initializing Spring embedded WebApplicationContext
2026-08-05T12:23:46.183+05:30  INFO 20760 --- [banking-api] [           main] w.s.c.ServletWebServerApplicationContext : Root WebApplicationContext: initialization completed in 1885 ms
2026-08-05T12:23:46.241+05:30  INFO 20760 --- [banking-api] [           main] com.zaxxer.hikari.HikariDataSource       : HikariPool-1 - Starting...
2026-08-05T12:23:46.481+05:30  INFO 20760 --- [banking-api] [           main] com.zaxxer.hikari.pool.HikariPool        : HikariPool-1 - Added connection conn0: url=jdbc:h2:mem:testdb user=SA
2026-08-05T12:23:46.486+05:30  INFO 20760 --- [banking-api] [           main] com.zaxxer.hikari.HikariDataSource       : HikariPool-1 - Start completed.
2026-08-05T12:23:46.503+05:30  INFO 20760 --- [banking-api] [           main] o.s.b.a.h2.H2ConsoleAutoConfiguration    : H2 console available at '/h2-console'. Database available at 'jdbc:h2:mem:testdb'
2026-08-05T12:23:46.685+05:30  INFO 20760 --- [banking-api] [           main] o.hibernate.jpa.internal.util.LogHelper  : HHH000204: Processing PersistenceUnitInfo [name: default]
2026-08-05T12:23:46.770+05:30  INFO 20760 --- [banking-api] [           main] org.hibernate.Version                    : HHH000412: Hibernate ORM core version 6.5.3.Final
2026-08-05T12:23:46.815+05:30  INFO 20760 --- [banking-api] [           main] o.h.c.internal.RegionFactoryInitiator    : HHH000026: Second-level cache disabled
2026-08-05T12:23:47.161+05:30  INFO 20760 --- [banking-api] [           main] o.s.o.j.p.SpringPersistenceUnitInfo      : No LoadTimeWeaver setup: ignoring JPA class transformer
2026-08-05T12:23:47.227+05:30  WARN 20760 --- [banking-api] [           main] org.hibernate.orm.deprecation            : HHH90000025: H2Dialect does not need to be specified explicitly using 'hibernate.dialect' (remove the property setting and it will be selected by default)
2026-08-05T12:23:48.531+05:30  INFO 20760 --- [banking-api] [           main] o.h.e.t.j.p.i.JtaPlatformInitiator       : HHH000489: No JTA platform available (set 'hibernate.transaction.jta.platform' to enable JTA platform integration)
2026-08-05T12:23:48.651+05:30  INFO 20760 --- [banking-api] [           main] j.LocalContainerEntityManagerFactoryBean : Initialized JPA EntityManagerFactory for persistence unit 'default'
2026-08-05T12:23:49.037+05:30  INFO 20760 --- [banking-api] [           main] o.s.d.j.r.query.QueryEnhancerFactory     : Hibernate is in classpath; If applicable, HQL parser will be used.
2026-08-05T12:23:49.656+05:30  WARN 20760 --- [banking-api] [           main] JpaBaseConfiguration$JpaWebConfiguration : spring.jpa.open-in-view is enabled by default. Therefore, database queries may be performed during view rendering. Explicitly configure spring.jpa.open-in-view to disable this warning
2026-08-05T12:23:50.241+05:30  INFO 20760 --- [banking-api] [           main] o.s.b.w.embedded.tomcat.TomcatWebServer  : Tomcat started on port 8081 (http) with context path '/'
2026-08-05T12:23:50.254+05:30  INFO 20760 --- [banking-api] [           main] c.b.banking_api.BankingApiApplication    : Started BankingApiApplication in 6.572 seconds (process running for 7.03)
2026-08-05T12:23:51.965+05:30  INFO 20760 --- [banking-api] [nio-8081-exec-1] o.a.c.c.C.[Tomcat].[localhost].[/]       : Initializing Spring DispatcherServlet 'dispatcherServlet'
2026-08-05T12:23:51.965+05:30  INFO 20760 --- [banking-api] [nio-8081-exec-1] o.s.web.servlet.DispatcherServlet        : Initializing Servlet 'dispatcherServlet'
2026-08-05T12:23:51.967+05:30  INFO 20760 --- [banking-api] [nio-8081-exec-1] o.s.web.servlet.DispatcherServlet        : Completed initialization in 2 ms
2026-08-05T12:26:36.726+05:30  INFO 20760 --- [banking-api] [nio-8081-exec-9] o.springdoc.api.AbstractOpenApiResource  : Init duration for springdoc-openapi is: 429 ms
2026-08-05T13:35:47.176+05:30  WARN 20760 --- [banking-api] [l-1 housekeeper] com.zaxxer.hikari.pool.HikariPool        : HikariPool-1 - Thread starvation or clock leap detected (housekeeper delta=1h9m539ms442µs800ns).
2026-08-05T13:41:21.986+05:30  WARN 20760 --- [banking-api] [l-1 housekeeper] com.zaxxer.hikari.pool.HikariPool        : HikariPool-1 - Thread starvation or clock leap detected (housekeeper delta=5m7s844ms435µs700ns).
2026-08-05T13:43:40.123+05:30  WARN 20760 --- [banking-api] [nio-8081-exec-5] o.h.engine.jdbc.spi.SqlExceptionHelper   : SQL Error: 42104, SQLState: 42S04
2026-08-05T13:43:40.124+05:30 ERROR 20760 --- [banking-api] [nio-8081-exec-5] o.h.engine.jdbc.spi.SqlExceptionHelper   : Table "USERS" not found (this database is empty); SQL statement:
insert into users (email,full_name,id) values (?,?,default) [42104-224]
2026-08-05T13:44:55.730+05:30  WARN 20760 --- [banking-api] [nio-8081-exec-5] o.h.engine.jdbc.spi.SqlExceptionHelper   : SQL Error: 42104, SQLState: 42S04
2026-08-05T13:44:55.733+05:30 ERROR 20760 --- [banking-api] [nio-8081-exec-5] o.h.engine.jdbc.spi.SqlExceptionHelper   : Table "USERS" not found (this database is empty); SQL statement:
insert into users (email,full_name,id) values (?,?,default) [42104-224]
2026-08-05T13:49:27.909+05:30  WARN 20760 --- [banking-api] [nio-8081-exec-4] o.h.engine.jdbc.spi.SqlExceptionHelper   : SQL Error: 42104, SQLState: 42S04
2026-08-05T13:49:27.912+05:30 ERROR 20760 --- [banking-api] [nio-8081-exec-4] o.h.engine.jdbc.spi.SqlExceptionHelper   : Table "USERS" not found (this database is empty); SQL statement:
insert into users (email,full_name,id) values (?,?,default) [42104-224]
[INFO] ------------------------------------------------------------------------
[INFO] BUILD FAILURE
[INFO] ------------------------------------------------------------------------
[INFO] Total time:  02:00 h
[INFO] Finished at: 2026-08-05T14:24:22+05:30
[INFO] ------------------------------------------------------------------------
[ERROR] Failed to execute goal org.springframework.boot:spring-boot-maven-plugin:3.3.4:run (default-cli) on project banking-api: Process terminated with exit code: -1 -> [Help 1]
[ERROR] 
[ERROR] To see the full stack trace of the errors, re-run Maven with the -e switch.
[ERROR] Re-run Maven using the -X switch to enable full debug logging.
[ERROR] 
[ERROR] For more information about the errors and possible solutions, please read the following articles:
[ERROR] [Help 1] http://cwiki.apache.org/confluence/display/MAVEN/MojoExecutionException
